BL51 BANKED LINKER/LOCATER V6.22.2.0                                                    03/19/2019  13:31:23  PAGE 1


BL51 BANKED LINKER/LOCATER V6.22.2.0, INVOKED BY:
C:\KEIL_V5\C51\BIN\BL51.EXE .\Output\Timer01_M0.obj, .\Output\Delay.obj, .\Output\Common.obj, .\Output\STARTUP.obj TO .\
>> Output\Timer01 PRINT (.\LST\Timer01.m51) RAMSIZE (256) DISABLEWARNING (16)


MEMORY MODEL: SMALL


INPUT MODULES INCLUDED:
  .\Output\Timer01_M0.obj (TIMER01_M0)
  .\Output\Delay.obj (DELAY)
  .\Output\Common.obj (COMMON)
  .\Output\STARTUP.obj (?C_STARTUP)
  C:\KEIL_V5\C51\LIB\C51S.LIB (?C_INIT)
  C:\KEIL_V5\C51\LIB\C51S.LIB (?C?ULDIV)
  C:\KEIL_V5\C51\LIB\C51S.LIB (?C?ULCMP)
  C:\KEIL_V5\C51\LIB\C51S.LIB (?C?ULSHR)


LINK MAP OF MODULE:  .\Output\Timer01 (TIMER01_M0)


            TYPE    BASE      LENGTH    RELOCATION   SEGMENT NAME
            -----------------------------------------------------

            * * * * * * *   D A T A   M E M O R Y   * * * * * * *
            REG     0000H     0008H     ABSOLUTE     "REG BANK 0"
            DATA    0008H     0004H     UNIT         ?DT?TIMER01_M0
            DATA    000CH     0004H     UNIT         ?DT?_TIMER0_DELAY100US?DELAY
            DATA    0010H     0004H     UNIT         ?DT?_TIMER0_DELAY1MS?DELAY
            DATA    0014H     0004H     UNIT         ?DT?_TIMER1_DELAY10MS?DELAY
            DATA    0018H     0004H     UNIT         ?DT?_TIMER2_DELAY500US?DELAY
            DATA    001CH     0004H     UNIT         ?DT?_TIMER3_DELAY100MS?DELAY
            BIT     0020H.0   0000H.1   UNIT         ?BI?DELAY
                    0020H.1   0000H.7                *** GAP ***
            DATA    0021H     0004H     UNIT         ?DT?_TIMER3_DELAY10US?DELAY
            DATA    0025H     0004H     UNIT         ?DT?_INITIALUART0_TIMER1?COMMON
            DATA    0029H     0004H     UNIT         ?DT?_INITIALUART0_TIMER3?COMMON
            DATA    002DH     0004H     UNIT         ?DT?_INITIALUART1_TIMER3?COMMON
            DATA    0031H     0001H     UNIT         ?DT?RECEIVE_DATA_FROM_UART0?COMMON
            DATA    0032H     0001H     UNIT         ?DT?_SEND_DATA_TO_UART0?COMMON
            DATA    0033H     0001H     UNIT         ?DT?RECEIVE_DATA_FROM_UART1?COMMON
            DATA    0034H     0001H     UNIT         ?DT?_SEND_DATA_TO_UART1?COMMON
            IDATA   0035H     0001H     UNIT         ?STACK

            * * * * * * *   C O D E   M E M O R Y   * * * * * * *
            CODE    0000H     0003H     ABSOLUTE     
                    0003H     0008H                  *** GAP ***
            CODE    000BH     0003H     ABSOLUTE     
            CODE    000EH     000BH     UNIT         ?PR?RECEIVE_DATA_FROM_UART0?COMMON
                    0019H     0002H                  *** GAP ***
            CODE    001BH     0003H     ABSOLUTE     
            CODE    001EH     00F2H     UNIT         ?C?LIB_CODE
            CODE    0110H     00ACH     UNIT         ?C_C51STARTUP
            CODE    01BCH     0093H     UNIT         ?PR?_INITIALUART0_TIMER3?COMMON
            CODE    024FH     008EH     UNIT         ?PR?_INITIALUART1_TIMER3?COMMON
            CODE    02DDH     0060H     UNIT         ?PR?_TIMER3_DELAY100MS?DELAY
            CODE    033DH     0060H     UNIT         ?PR?_TIMER3_DELAY10US?DELAY
BL51 BANKED LINKER/LOCATER V6.22.2.0                                                  03/19/2019  13:31:23  PAGE 2


            CODE    039DH     0059H     UNIT         ?PR?_TIMER2_DELAY500US?DELAY
            CODE    03F6H     0056H     UNIT         ?PR?_TIMER0_DELAY100US?DELAY
            CODE    044CH     0056H     UNIT         ?PR?_TIMER0_DELAY1MS?DELAY
            CODE    04A2H     0056H     UNIT         ?PR?_TIMER1_DELAY10MS?DELAY
            CODE    04F8H     0043H     UNIT         ?PR?_INITIALUART0_TIMER1?COMMON
            CODE    053BH     002CH     UNIT         ?PR?TIMER0_ISR?TIMER01_M0
            CODE    0567H     002CH     UNIT         ?PR?TIMER1_ISR?TIMER01_M0
            CODE    0593H     001DH     UNIT         ?PR?MAIN?TIMER01_M0
            CODE    05B0H     0011H     UNIT         ?PR?INITIAL_TIMER0?TIMER01_M0
            CODE    05C1H     0011H     UNIT         ?PR?INITIAL_TIMER1?TIMER01_M0
            CODE    05D2H     000BH     UNIT         ?PR?_SEND_DATA_TO_UART0?COMMON
            CODE    05DDH     000BH     UNIT         ?PR?RECEIVE_DATA_FROM_UART1?COMMON
            CODE    05E8H     000BH     UNIT         ?PR?_SEND_DATA_TO_UART1?COMMON
            CODE    05F3H     0009H     UNIT         ?C_INITSEG



OVERLAY MAP OF MODULE:   .\Output\Timer01 (TIMER01_M0)


SEGMENT
  +--> CALLED SEGMENT
---------------------
?C_C51STARTUP
  +--> ?PR?MAIN?TIMER01_M0
  +--> ?C_INITSEG

?PR?MAIN?TIMER01_M0
  +--> ?PR?INITIAL_TIMER0?TIMER01_M0



SYMBOL TABLE OF MODULE:  .\Output\Timer01 (TIMER01_M0)

  VALUE           TYPE          NAME
  ----------------------------------

  -------         MODULE        TIMER01_M0
  C:0000H         SYMBOL        _ICE_DUMMY_
  D:00B1H         PUBLIC        P0M1
  D:00B3H         PUBLIC        P1M1
  D:00B2H         PUBLIC        P0M2
  D:0080H         PUBLIC        P0
  D:00B4H         PUBLIC        P1M2
  D:0090H         PUBLIC        P1
  D:00ACH         PUBLIC        P3M1
  D:00A0H         PUBLIC        P2
  D:00B0H         PUBLIC        P3
  D:00ADH         PUBLIC        P3M2
  C:053BH         PUBLIC        Timer0_ISR
  C:0567H         PUBLIC        Timer1_ISR
  B:00A8H.7       PUBLIC        EA
  D:00D8H         PUBLIC        PWMCON0
  D:00A8H         PUBLIC        IE
  D:00B8H         PUBLIC        IP
  C:0593H         PUBLIC        main
  D:0008H         PUBLIC        count
BL51 BANKED LINKER/LOCATER V6.22.2.0                                                  03/19/2019  13:31:23  PAGE 3


  B:0090H.1       PUBLIC        P11
  B:0090H.2       PUBLIC        P12
  D:0098H         PUBLIC        SCON
  D:0089H         PUBLIC        TMOD
  D:0088H         PUBLIC        TCON
  D:00F8H         PUBLIC        SCON_1
  B:00A8H.1       PUBLIC        ET0
  B:00A8H.3       PUBLIC        ET1
  D:008CH         PUBLIC        TH0
  D:008DH         PUBLIC        TH1
  D:008AH         PUBLIC        TL0
  D:008BH         PUBLIC        TL1
  B:0088H.4       PUBLIC        TR0
  B:0088H.6       PUBLIC        TR1
  D:00E8H         PUBLIC        ADCCON0
  D:00C0H         PUBLIC        I2CON
  D:000AH         PUBLIC        count2
  C:05B0H         PUBLIC        Initial_Timer0
  C:05C1H         PUBLIC        Initial_Timer1
  D:00C8H         PUBLIC        T2CON
  D:008EH         PUBLIC        CKCON
  D:00D0H         PUBLIC        PSW
  -------         PROC          TIMER0_ISR
  C:053BH         LINE#         13
  C:053FH         LINE#         15
  C:0542H         LINE#         16
  C:0545H         LINE#         18
  C:0552H         LINE#         19
  C:0552H         LINE#         20
  C:0554H         LINE#         21
  C:055AH         LINE#         22
  C:055AH         LINE#         23
  C:0562H         LINE#         24
  -------         ENDPROC       TIMER0_ISR
  -------         PROC          TIMER1_ISR
  C:0567H         LINE#         26
  C:056BH         LINE#         28
  C:056EH         LINE#         29
  C:0571H         LINE#         31
  C:057EH         LINE#         32
  C:057EH         LINE#         33
  C:0580H         LINE#         34
  C:0586H         LINE#         35
  C:0586H         LINE#         36
  C:058EH         LINE#         37
  -------         ENDPROC       TIMER1_ISR
  -------         PROC          INITIAL_TIMER0
  C:05B0H         LINE#         39
  C:05B0H         LINE#         40
  C:05B0H         LINE#         41
  C:05B3H         LINE#         42
  C:05B6H         LINE#         43
  C:05B9H         LINE#         44
  C:05BCH         LINE#         45
  C:05BEH         LINE#         46
  C:05C0H         LINE#         47
  -------         ENDPROC       INITIAL_TIMER0
BL51 BANKED LINKER/LOCATER V6.22.2.0                                                  03/19/2019  13:31:23  PAGE 4


  -------         PROC          INITIAL_TIMER1
  C:05C1H         LINE#         49
  C:05C1H         LINE#         50
  C:05C1H         LINE#         51
  C:05C4H         LINE#         52
  C:05C7H         LINE#         53
  C:05CAH         LINE#         54
  C:05CDH         LINE#         55
  C:05CFH         LINE#         56
  C:05D1H         LINE#         57
  -------         ENDPROC       INITIAL_TIMER1
  -------         PROC          MAIN
  C:0593H         LINE#         59
  C:0593H         LINE#         60
  C:0593H         LINE#         61
  C:0596H         LINE#         62
  C:05A8H         LINE#         64
  C:05ABH         LINE#         66
  C:05ADH         LINE#         68
  -------         ENDPROC       MAIN
  -------         ENDMOD        TIMER01_M0

  -------         MODULE        DELAY
  C:0000H         SYMBOL        _ICE_DUMMY_
  D:0080H         PUBLIC        P0
  D:0090H         PUBLIC        P1
  D:00A0H         PUBLIC        P2
  C:03F6H         PUBLIC        _Timer0_Delay100us
  D:00B0H         PUBLIC        P3
  D:00D8H         PUBLIC        PWMCON0
  C:039DH         PUBLIC        _Timer2_Delay500us
  D:00A8H         PUBLIC        IE
  D:00B8H         PUBLIC        IP
  C:044CH         PUBLIC        _Timer0_Delay1ms
  B:0020H.0       PUBLIC        BIT_TMP
  D:0098H         PUBLIC        SCON
  D:0089H         PUBLIC        TMOD
  D:0088H         PUBLIC        TCON
  D:00F8H         PUBLIC        SCON_1
  B:0088H.5       PUBLIC        TF0
  C:04A2H         PUBLIC        _Timer1_Delay10ms
  B:0088H.7       PUBLIC        TF1
  B:00C8H.7       PUBLIC        TF2
  D:008CH         PUBLIC        TH0
  D:00C6H         PUBLIC        RH3
  D:008DH         PUBLIC        TH1
  D:00CDH         PUBLIC        TH2
  D:008AH         PUBLIC        TL0
  D:00C5H         PUBLIC        RL3
  D:008BH         PUBLIC        TL1
  D:00CCH         PUBLIC        TL2
  C:033DH         PUBLIC        _Timer3_Delay10us
  B:0088H.4       PUBLIC        TR0
  B:0088H.6       PUBLIC        TR1
  B:00C8H.2       PUBLIC        TR2
  D:00E8H         PUBLIC        ADCCON0
  D:00C0H         PUBLIC        I2CON
BL51 BANKED LINKER/LOCATER V6.22.2.0                                                  03/19/2019  13:31:23  PAGE 5


  D:00C9H         PUBLIC        T2MOD
  D:00C8H         PUBLIC        T2CON
  D:00C4H         PUBLIC        T3CON
  D:008EH         PUBLIC        CKCON
  D:00D0H         PUBLIC        PSW
  C:02DDH         PUBLIC        _Timer3_Delay100ms
  -------         PROC          _TIMER0_DELAY100US
  D:000CH         SYMBOL        u32CNT
  C:03F6H         LINE#         22
  C:03FEH         LINE#         23
  C:03FEH         LINE#         24
  C:0401H         LINE#         25
  C:0404H         LINE#         26
  C:0406H         LINE#         27
  C:041CH         LINE#         28
  C:041CH         LINE#         29
  C:041FH         LINE#         30
  C:0422H         LINE#         31
  C:0425H         LINE#         32
  C:0427H         LINE#         33
  C:0447H         LINE#         34
  C:0449H         LINE#         35
  C:044BH         LINE#         36
  -------         ENDPROC       _TIMER0_DELAY100US
  -------         PROC          _TIMER0_DELAY1MS
  D:0010H         SYMBOL        u32CNT
  C:044CH         LINE#         38
  C:0454H         LINE#         39
  C:0454H         LINE#         40
  C:0457H         LINE#         41
  C:045AH         LINE#         42
  C:045CH         LINE#         43
  C:0472H         LINE#         44
  C:0472H         LINE#         45
  C:0475H         LINE#         46
  C:0478H         LINE#         47
  C:047BH         LINE#         48
  C:047DH         LINE#         49
  C:049DH         LINE#         50
  C:049FH         LINE#         51
  C:04A1H         LINE#         52
  -------         ENDPROC       _TIMER0_DELAY1MS
  -------         PROC          _TIMER1_DELAY10MS
  D:0014H         SYMBOL        u32CNT
  C:04A2H         LINE#         55
  C:04AAH         LINE#         56
  C:04AAH         LINE#         57
  C:04ADH         LINE#         58
  C:04B0H         LINE#         59
  C:04B2H         LINE#         60
  C:04C8H         LINE#         61
  C:04C8H         LINE#         62
  C:04CBH         LINE#         63
  C:04CEH         LINE#         64
  C:04D1H         LINE#         65
  C:04D3H         LINE#         66
  C:04F3H         LINE#         67
BL51 BANKED LINKER/LOCATER V6.22.2.0                                                  03/19/2019  13:31:23  PAGE 6


  C:04F5H         LINE#         68
  C:04F7H         LINE#         69
  -------         ENDPROC       _TIMER1_DELAY10MS
  -------         PROC          _TIMER2_DELAY500US
  D:0018H         SYMBOL        u32CNT
  C:039DH         LINE#         71
  C:03A5H         LINE#         72
  C:03A5H         LINE#         73
  C:03A8H         LINE#         74
  C:03ABH         LINE#         75
  C:03AEH         LINE#         76
  C:03B0H         LINE#         77
  C:03C6H         LINE#         78
  C:03C6H         LINE#         79
  C:03C9H         LINE#         80
  C:03CCH         LINE#         81
  C:03CFH         LINE#         82
  C:03D1H         LINE#         83
  C:03F1H         LINE#         84
  C:03F3H         LINE#         85
  C:03F5H         LINE#         86
  -------         ENDPROC       _TIMER2_DELAY500US
  -------         PROC          _TIMER3_DELAY100MS
  D:001CH         SYMBOL        u32CNT
  C:02DDH         LINE#         88
  C:02E5H         LINE#         89
  C:02E5H         LINE#         90
  C:02E8H         LINE#         91
  C:02EBH         LINE#         92
  C:0301H         LINE#         93
  C:0301H         LINE#         94
  C:0304H         LINE#         95
  C:0307H         LINE#         96
  C:0314H         LINE#         97
  C:0317H         LINE#         98
  C:0337H         LINE#         99
  C:0339H         LINE#         100
  C:033CH         LINE#         101
  -------         ENDPROC       _TIMER3_DELAY100MS
  -------         PROC          _TIMER3_DELAY10US
  D:0021H         SYMBOL        u32CNT
  C:033DH         LINE#         103
  C:0345H         LINE#         104
  C:0345H         LINE#         105
  C:0348H         LINE#         106
  C:034BH         LINE#         107
  C:0361H         LINE#         108
  C:0361H         LINE#         109
  C:0364H         LINE#         110
  C:0367H         LINE#         111
  C:0374H         LINE#         112
  C:0377H         LINE#         113
  C:0397H         LINE#         114
  C:0399H         LINE#         115
  C:039CH         LINE#         116
  -------         ENDPROC       _TIMER3_DELAY10US
  -------         ENDMOD        DELAY
BL51 BANKED LINKER/LOCATER V6.22.2.0                                                  03/19/2019  13:31:23  PAGE 7



  -------         MODULE        COMMON
  C:0000H         SYMBOL        _ICE_DUMMY_
  D:00B1H         PUBLIC        P0M1
  D:00B3H         PUBLIC        P1M1
  D:00B2H         PUBLIC        P0M2
  D:0080H         PUBLIC        P0
  D:00B4H         PUBLIC        P1M2
  D:0090H         PUBLIC        P1
  D:00A0H         PUBLIC        P2
  D:00B0H         PUBLIC        P3
  D:00D8H         PUBLIC        PWMCON0
  D:00A8H         PUBLIC        IE
  D:00B8H         PUBLIC        IP
  B:0098H.0       PUBLIC        RI
  B:0098H.1       PUBLIC        TI
  B:00F8H.0       PUBLIC        RI_1
  B:00F8H.1       PUBLIC        TI_1
  D:0099H         PUBLIC        SBUF
  D:0087H         PUBLIC        PCON
  D:0098H         PUBLIC        SCON
  D:0089H         PUBLIC        TMOD
  D:0088H         PUBLIC        TCON
  D:009AH         PUBLIC        SBUF_1
  D:00F8H         PUBLIC        SCON_1
  D:00C6H         PUBLIC        RH3
  D:008DH         PUBLIC        TH1
  D:00C5H         PUBLIC        RL3
  C:04F8H         PUBLIC        _InitialUART0_Timer1
  C:01BCH         PUBLIC        _InitialUART0_Timer3
  C:024FH         PUBLIC        _InitialUART1_Timer3
  B:0088H.6       PUBLIC        TR1
  D:00E8H         PUBLIC        ADCCON0
  C:05D2H         PUBLIC        _Send_Data_To_UART0
  C:05E8H         PUBLIC        _Send_Data_To_UART1
  D:00C0H         PUBLIC        I2CON
  D:00C8H         PUBLIC        T2CON
  D:00C4H         PUBLIC        T3CON
  C:000EH         PUBLIC        Receive_Data_From_UART0
  C:05DDH         PUBLIC        Receive_Data_From_UART1
  D:008EH         PUBLIC        CKCON
  D:00D0H         PUBLIC        PSW
  -------         PROC          _INITIALUART0_TIMER1
  D:0025H         SYMBOL        u32Baudrate
  C:04F8H         LINE#         23
  C:0500H         LINE#         24
  C:0500H         LINE#         25
  C:0506H         LINE#         26
  C:050CH         LINE#         28
  C:050FH         LINE#         29
  C:0512H         LINE#         31
  C:0515H         LINE#         32
  C:0518H         LINE#         33
  C:051BH         LINE#         36
  C:0536H         LINE#         41
  C:0538H         LINE#         42
  C:053AH         LINE#         43
BL51 BANKED LINKER/LOCATER V6.22.2.0                                                  03/19/2019  13:31:23  PAGE 8


  -------         ENDPROC       _INITIALUART0_TIMER1
  -------         PROC          _INITIALUART0_TIMER3
  D:0029H         SYMBOL        u32Baudrate
  C:01BCH         LINE#         45
  C:01C4H         LINE#         46
  C:01C4H         LINE#         47
  C:01CAH         LINE#         48
  C:01D0H         LINE#         50
  C:01D3H         LINE#         51
  C:01D6H         LINE#         52
  C:01D9H         LINE#         53
  C:01DCH         LINE#         56
  C:020DH         LINE#         57
  C:0249H         LINE#         63
  C:024CH         LINE#         64
  C:024EH         LINE#         65
  -------         ENDPROC       _INITIALUART0_TIMER3
  -------         PROC          RECEIVE_DATA_FROM_UART0
  -------         DO            
  D:0031H         SYMBOL        c
  -------         ENDDO         
  C:000EH         LINE#         67
  C:000EH         LINE#         68
  C:000EH         LINE#         70
  C:0011H         LINE#         71
  C:0014H         LINE#         72
  C:0016H         LINE#         73
  C:0018H         LINE#         74
  -------         ENDPROC       RECEIVE_DATA_FROM_UART0
  -------         PROC          _SEND_DATA_TO_UART0
  D:0032H         SYMBOL        c
  C:05D2H         LINE#         76
  C:05D4H         LINE#         77
  C:05D4H         LINE#         78
  C:05D6H         LINE#         79
  C:05D9H         LINE#         80
  C:05DCH         LINE#         81
  -------         ENDPROC       _SEND_DATA_TO_UART0
  -------         PROC          _INITIALUART1_TIMER3
  D:002DH         SYMBOL        u32Baudrate
  C:024FH         LINE#         87
  C:0257H         LINE#         88
  C:0257H         LINE#         89
  C:025DH         LINE#         90
  C:0263H         LINE#         92
  C:0266H         LINE#         93
  C:0269H         LINE#         94
  C:026CH         LINE#         97
  C:029DH         LINE#         98
  C:02D9H         LINE#         104
  C:02DCH         LINE#         105
  -------         ENDPROC       _INITIALUART1_TIMER3
  -------         PROC          RECEIVE_DATA_FROM_UART1
  -------         DO            
  D:0033H         SYMBOL        c
  -------         ENDDO         
  C:05DDH         LINE#         107
BL51 BANKED LINKER/LOCATER V6.22.2.0                                                  03/19/2019  13:31:23  PAGE 9


  C:05DDH         LINE#         108
  C:05DDH         LINE#         111
  C:05E0H         LINE#         112
  C:05E3H         LINE#         113
  C:05E5H         LINE#         114
  C:05E7H         LINE#         115
  -------         ENDPROC       RECEIVE_DATA_FROM_UART1
  -------         PROC          _SEND_DATA_TO_UART1
  D:0034H         SYMBOL        c
  C:05E8H         LINE#         117
  C:05EAH         LINE#         118
  C:05EAH         LINE#         119
  C:05ECH         LINE#         120
  C:05EFH         LINE#         121
  C:05F2H         LINE#         122
  -------         ENDPROC       _SEND_DATA_TO_UART1
  -------         ENDMOD        COMMON

  -------         MODULE        ?C_STARTUP
  C:0110H         SEGMENT       ?C_C51STARTUP
  I:0035H         SEGMENT       ?STACK
  C:0000H         PUBLIC        ?C_STARTUP
  D:00E0H         SYMBOL        ACC
  D:00F0H         SYMBOL        B
  D:0083H         SYMBOL        DPH
  D:0082H         SYMBOL        DPL
  N:0000H         SYMBOL        IBPSTACK
  N:0100H         SYMBOL        IBPSTACKTOP
  N:0080H         SYMBOL        IDATALEN
  C:0125H         SYMBOL        IDATALOOP
  N:0000H         SYMBOL        PBPSTACK
  N:0000H         SYMBOL        PBPSTACKTOP
  N:0000H         SYMBOL        PDATALEN
  N:0000H         SYMBOL        PDATASTART
  N:0000H         SYMBOL        PPAGE
  N:0000H         SYMBOL        PPAGEENABLE
  D:00A0H         SYMBOL        PPAGE_SFR
  D:0081H         SYMBOL        SP
  C:0110H         SYMBOL        STARTUP1
  N:0000H         SYMBOL        XBPSTACK
  N:0000H         SYMBOL        XBPSTACKTOP
  N:02FFH         SYMBOL        XDATALEN
  C:0130H         SYMBOL        XDATALOOP
  N:0000H         SYMBOL        XDATASTART
  C:0000H         LINE#         94
  C:0110H         LINE#         100
  C:0113H         LINE#         101
  C:0116H         LINE#         102
  C:0119H         LINE#         104
  C:011CH         LINE#         105
  C:011FH         LINE#         106
  C:0122H         LINE#         109
  C:0124H         LINE#         110
  C:0125H         LINE#         111
  C:0126H         LINE#         112
  C:0128H         LINE#         116
  C:012BH         LINE#         117
BL51 BANKED LINKER/LOCATER V6.22.2.0                                                  03/19/2019  13:31:23  PAGE 10


  C:012DH         LINE#         119
  C:012FH         LINE#         123
  C:0130H         LINE#         124
  C:0131H         LINE#         125
  C:0132H         LINE#         126
  C:0134H         LINE#         127
  C:0136H         LINE#         161
  C:0139H         LINE#         165
  -------         ENDMOD        ?C_STARTUP

  -------         MODULE        ?C?ULDIV
  C:005AH         PUBLIC        ?C?ULDIV
  -------         ENDMOD        ?C?ULDIV

  -------         MODULE        ?C?ULCMP
  C:00ECH         PUBLIC        ?C?ULCMP
  -------         ENDMOD        ?C?ULCMP

  -------         MODULE        ?C?ULSHR
  C:00FDH         PUBLIC        ?C?ULSHR
  -------         ENDMOD        ?C?ULSHR

Program Size: data=53.1 xdata=0 code=1522
LINK/LOCATE RUN COMPLETE.  0 WARNING(S),  0 ERROR(S)
